Warning: You are sending unauthenticated requests to the HF Hub. Please set a HF_TOKEN to enable higher rate limits and faster downloads.
Loading weights:   0%|          | 0/391 [00:00<?, ?it/s]Loading weights: 100%|██████████| 391/391 [00:00<00:00, 22404.92it/s]
Direct use of automatic function calling (AFC) in Models.generate_content is not recommended. Instead, we recommend to use AFC in Chat.send_message. Similarly, direct use of AFC in Models.generate_content_stream is not recommended. Instead, we recommend to use AFC in Chat.send_message_stream.
[2026-09-28 03:54:54,968] INFO - ChatPipeline - Pergunta recebida: Meu gato tem muita dificuldade para respirar de boca aberta.
[2026-09-28 03:54:54,968] INFO - ChatPipeline - Query Rewriting desativado
[2026-09-28 03:54:54,968] INFO - ChatPipeline - Multi-Query desativado
[2026-09-28 03:54:54,968] INFO - ChatPipeline - HyDE desativado
[2026-09-28 03:54:54,968] INFO - RetrievalClient - Consultando o ChromaDB
[2026-09-28 03:55:08,343] INFO - RetrievalClient - 50 candidatos recuperados
[2026-09-28 03:55:08,344] INFO - ChatPipeline - 50 documentos recuperados (vetor)
[2026-09-28 03:55:10,038] INFO - ChatPipeline - Classificação: EMERGENCIA (1 fonte(s) citada(s))
[2026-09-28 03:55:10,039] INFO - ChatPipeline - Pipeline finalizado em 15.07s
[2026-09-28 03:55:10,088] INFO - ChatPipeline - Pergunta recebida: Pré-triagem conversacional v1. Use somente relatos do tutor abaixo.
As perguntas identificam o assunto da resposta, não afirmam presença de sintomas.
Não perguntado, não sei e não observei são desconhecidos, nunca ausência.
Não complete espécie, duração, intensidade ou histórico. Não conte sintomas:
um único sinal grave pode bastar; vários vagos podem permanecer INCERTO.
[{"pergunta_respondida": null, "resposta_do_tutor": "Meu cachorro está agindo de um jeito diferente hoje. Não consegui observar o que mudou.", "origem": "text"}, {"pergunta_respondida": "Ele recusou alguma refeicao ou cometeu menos do que o habitual?", "resposta_do_tutor": "Não sei dizer", "origem": "text"}, {"pergunta_respondida": "Ele recusou a ultima refeicao oferecida?", "resposta_do_tutor": "Não observei — Agora ele está caído, não consegue levantar e não reage quando eu o chamo e toco nele.", "origem": "form"}]
[2026-09-28 03:55:10,088] INFO - ChatPipeline - Query Rewriting desativado
[2026-09-28 03:55:10,088] INFO - ChatPipeline - Multi-Query desativado
[2026-09-28 03:55:10,088] INFO - ChatPipeline - HyDE desativado
[2026-09-28 03:55:10,088] INFO - RetrievalClient - Consultando o ChromaDB
[2026-09-28 03:55:12,439] INFO - RetrievalClient - 50 candidatos recuperados
[2026-09-28 03:55:12,440] INFO - ChatPipeline - 50 documentos recuperados (vetor)
[2026-09-28 03:55:13,647] INFO - ChatPipeline - Classificação: EMERGENCIA (0 fonte(s) citada(s))
[2026-09-28 03:55:13,648] INFO - ChatPipeline - Pipeline finalizado em 3.56s
[2026-09-28 03:55:13,669] INFO - ChatPipeline - Pergunta recebida: Pré-triagem conversacional v1. Use somente relatos do tutor abaixo.
As perguntas identificam o assunto da resposta, não afirmam presença de sintomas.
Não perguntado, não sei e não observei são desconhecidos, nunca ausência.
Não complete espécie, duração, intensidade ou histórico. Não conte sintomas:
um único sinal grave pode bastar; vários vagos podem permanecer INCERTO.
[{"pergunta_respondida": null, "resposta_do_tutor": "Meu cachorro está agindo de um jeito diferente hoje. Não consegui observar o que mudou.", "origem": "text"}, {"pergunta_respondida": "Ele recusou alguma refeicao ou cometeu menos do que o habitual?", "resposta_do_tutor": "Não sei dizer", "origem": "text"}, {"pergunta_respondida": "Ele recusou a ultima refeicao oferecida?", "resposta_do_tutor": "Não observei — Agora ele está caído, não consegue levantar e não reage quando eu o chamo e toco nele.", "origem": "text"}]
[2026-09-28 03:55:13,670] INFO - ChatPipeline - Query Rewriting desativado
[2026-09-28 03:55:13,670] INFO - ChatPipeline - Multi-Query desativado
[2026-09-28 03:55:13,670] INFO - ChatPipeline - HyDE desativado
[2026-09-28 03:55:13,670] INFO - RetrievalClient - Consultando o ChromaDB
[2026-09-28 03:55:14,805] INFO - RetrievalClient - 50 candidatos recuperados
[2026-09-28 03:55:14,806] INFO - ChatPipeline - 50 documentos recuperados (vetor)
[2026-09-28 03:55:17,464] INFO - ChatPipeline - Classificação: INCERTO (0 fonte(s) citada(s))
[2026-09-28 03:55:17,465] INFO - ChatPipeline - Pipeline finalizado em 3.80s
[2026-09-28 03:55:18,895] INFO - ChatPipeline - Pergunta recebida: Pré-triagem conversacional v1. Use somente relatos do tutor abaixo.
As perguntas identificam o assunto da resposta, não afirmam presença de sintomas.
Não perguntado, não sei e não observei são desconhecidos, nunca ausência.
Não complete espécie, duração, intensidade ou histórico. Não conte sintomas:
um único sinal grave pode bastar; vários vagos podem permanecer INCERTO.
[{"pergunta_respondida": null, "resposta_do_tutor": "Meu cachorro está agindo de um jeito diferente hoje. Não consegui observar o que mudou.", "origem": "text"}, {"pergunta_respondida": "Ele recusou alguma refeicao ou cometeu menos do que o habitual?", "resposta_do_tutor": "Não sei dizer", "origem": "text"}, {"pergunta_respondida": "Ele recusou a ultima refeicao oferecida?", "resposta_do_tutor": "Não observei — Agora ele está caído, não consegue levantar e não reage quando eu o chamo e toco nele.", "origem": "text"}]
[2026-09-28 03:55:18,896] INFO - ChatPipeline - Query Rewriting desativado
[2026-09-28 03:55:18,896] INFO - ChatPipeline - Multi-Query desativado
[2026-09-28 03:55:18,896] INFO - ChatPipeline - HyDE desativado
[2026-09-28 03:55:18,896] INFO - RetrievalClient - Consultando o ChromaDB
[2026-09-28 03:55:20,218] INFO - RetrievalClient - 50 candidatos recuperados
[2026-09-28 03:55:20,218] INFO - ChatPipeline - 50 documentos recuperados (vetor)
[2026-09-28 03:55:21,632] INFO - ChatPipeline - Classificação: INCERTO (0 fonte(s) citada(s))
[2026-09-28 03:55:21,632] INFO - ChatPipeline - Pipeline finalizado em 2.74s
[2026-09-28 03:55:22,889] INFO - ChatPipeline - Pergunta recebida: Pré-triagem conversacional v1. Use somente relatos do tutor abaixo.
As perguntas identificam o assunto da resposta, não afirmam presença de sintomas.
Não perguntado, não sei e não observei são desconhecidos, nunca ausência.
Não complete espécie, duração, intensidade ou histórico. Não conte sintomas:
um único sinal grave pode bastar; vários vagos podem permanecer INCERTO.
[{"pergunta_respondida": null, "resposta_do_tutor": "Meu cachorro está agindo de um jeito diferente hoje. Não consegui observar o que mudou.", "origem": "text"}, {"pergunta_respondida": "Ele recusou alguma refeicao ou cometeu menos do que o habitual?", "resposta_do_tutor": "Não sei dizer", "origem": "text"}, {"pergunta_respondida": "Ele recusou a ultima refeicao oferecida?", "resposta_do_tutor": "Não observei — Agora ele está caído, não consegue levantar e não reage quando eu o chamo e toco nele.", "origem": "form"}]
[2026-09-28 03:55:22,889] INFO - ChatPipeline - Query Rewriting desativado
[2026-09-28 03:55:22,889] INFO - ChatPipeline - Multi-Query desativado
[2026-09-28 03:55:22,889] INFO - ChatPipeline - HyDE desativado
[2026-09-28 03:55:22,889] INFO - RetrievalClient - Consultando o ChromaDB
[2026-09-28 03:55:23,805] INFO - RetrievalClient - 50 candidatos recuperados
[2026-09-28 03:55:23,805] INFO - ChatPipeline - 50 documentos recuperados (vetor)
[2026-09-28 03:56:03,440] INFO - ChatPipeline - Classificação: EMERGENCIA (0 fonte(s) citada(s))
[2026-09-28 03:56:03,445] INFO - ChatPipeline - Pipeline finalizado em 40.55s
[2026-09-28 03:56:03,487] INFO - ChatPipeline - Pergunta recebida: Pré-triagem conversacional v1. Use somente relatos do tutor abaixo.
As perguntas identificam o assunto da resposta, não afirmam presença de sintomas.
Não perguntado, não sei e não observei são desconhecidos, nunca ausência.
Não complete espécie, duração, intensidade ou histórico. Não conte sintomas:
um único sinal grave pode bastar; vários vagos podem permanecer INCERTO.
[{"pergunta_respondida": null, "resposta_do_tutor": "Meu cachorro está agindo de um jeito diferente hoje. Não consegui observar o que mudou.", "origem": "text"}, {"pergunta_respondida": "Ele recusou alguma refeicao ou cometeu menos do que o habitual?", "resposta_do_tutor": "Não sei dizer", "origem": "text"}, {"pergunta_respondida": "Ele recusou a ultima refeicao oferecida?", "resposta_do_tutor": "Não observei — Agora ele está caído, não consegue levantar e não reage quando eu o chamo e toco nele.", "origem": "form"}]
[2026-09-28 03:56:03,487] INFO - ChatPipeline - Query Rewriting desativado
[2026-09-28 03:56:03,487] INFO - ChatPipeline - Multi-Query desativado
[2026-09-28 03:56:03,487] INFO - ChatPipeline - HyDE desativado
[2026-09-28 03:56:03,488] INFO - RetrievalClient - Consultando o ChromaDB
[2026-09-28 03:56:05,851] INFO - RetrievalClient - 50 candidatos recuperados
[2026-09-28 03:56:05,852] INFO - ChatPipeline - 50 documentos recuperados (vetor)
[2026-09-28 03:56:06,892] INFO - ChatPipeline - Classificação: EMERGENCIA (0 fonte(s) citada(s))
[2026-09-28 03:56:06,892] INFO - ChatPipeline - Pipeline finalizado em 3.41s
[2026-09-28 03:56:06,918] INFO - ChatPipeline - Pergunta recebida: Pré-triagem conversacional v1. Use somente relatos do tutor abaixo.
As perguntas identificam o assunto da resposta, não afirmam presença de sintomas.
Não perguntado, não sei e não observei são desconhecidos, nunca ausência.
Não complete espécie, duração, intensidade ou histórico. Não conte sintomas:
um único sinal grave pode bastar; vários vagos podem permanecer INCERTO.
[{"pergunta_respondida": null, "resposta_do_tutor": "Meu cachorro está agindo de um jeito diferente hoje. Não consegui observar o que mudou.", "origem": "text"}, {"pergunta_respondida": "Ele recusou alguma refeicao ou cometeu menos do que o habitual?", "resposta_do_tutor": "Não sei dizer", "origem": "text"}, {"pergunta_respondida": "Ele recusou a ultima refeicao oferecida?", "resposta_do_tutor": "Não observei — Agora ele está caído, não consegue levantar e não reage quando eu o chamo e toco nele.", "origem": "text"}]
[2026-09-28 03:56:06,918] INFO - ChatPipeline - Query Rewriting desativado
[2026-09-28 03:56:06,918] INFO - ChatPipeline - Multi-Query desativado
[2026-09-28 03:56:06,918] INFO - ChatPipeline - HyDE desativado
[2026-09-28 03:56:06,918] INFO - RetrievalClient - Consultando o ChromaDB
[2026-09-28 03:56:07,875] INFO - RetrievalClient - 50 candidatos recuperados
[2026-09-28 03:56:07,876] INFO - ChatPipeline - 50 documentos recuperados (vetor)
[2026-09-28 03:56:10,931] INFO - ChatPipeline - Classificação: INCERTO (0 fonte(s) citada(s))
[2026-09-28 03:56:10,932] INFO - ChatPipeline - Pipeline finalizado em 4.01s
