Warning: You are sending unauthenticated requests to the HF Hub. Please set a HF_TOKEN to enable higher rate limits and faster downloads.
Loading weights:   0%|          | 0/391 [00:00<?, ?it/s]Loading weights: 100%|██████████| 391/391 [00:00<00:00, 18351.81it/s]
Direct use of automatic function calling (AFC) in Models.generate_content is not recommended. Instead, we recommend to use AFC in Chat.send_message. Similarly, direct use of AFC in Models.generate_content_stream is not recommended. Instead, we recommend to use AFC in Chat.send_message_stream.
[2026-10-02 03:34:51,416] INFO - ChatPipeline - Pergunta recebida: Meu gato tem muita dificuldade para respirar de boca aberta.
[2026-10-02 03:34:51,416] INFO - ChatPipeline - Query Rewriting desativado
[2026-10-02 03:34:51,416] INFO - ChatPipeline - Multi-Query desativado
[2026-10-02 03:34:51,416] INFO - ChatPipeline - HyDE desativado
[2026-10-02 03:34:51,416] INFO - RetrievalClient - Consultando o ChromaDB
[2026-10-02 03:35:06,735] INFO - RetrievalClient - 50 candidatos recuperados
[2026-10-02 03:35:06,736] INFO - ChatPipeline - 50 documentos recuperados (vetor)
[2026-10-02 03:35:08,865] INFO - ChatPipeline - Classificação: EMERGENCIA (1 fonte(s) citada(s))
[2026-10-02 03:35:08,867] INFO - ChatPipeline - Pipeline finalizado em 17.45s
[2026-10-02 03:35:08,896] INFO - ChatPipeline - Pergunta recebida: Pré-triagem conversacional v1. Use somente relatos do tutor abaixo.
As perguntas identificam o assunto da resposta, não afirmam presença de sintomas.
Não perguntado, não sei e não observei são desconhecidos, nunca ausência.
Não complete espécie, duração, intensidade ou histórico. Não conte sintomas:
um único sinal grave pode bastar; vários vagos podem permanecer INCERTO.
[{"pergunta_respondida": null, "resposta_do_tutor": "Meu cachorro está agindo de um jeito diferente hoje. Não consegui observar o que mudou."}, {"pergunta_respondida": "Ele recusou alguma refeicao ou cometeu menos do que o habitual?", "resposta_do_tutor": "Não sei dizer"}, {"pergunta_respondida": "Ele recusou a ultima refeicao oferecida?", "resposta_do_tutor": "Não observei — Agora ele está caído, não consegue levantar e não reage quando eu o chamo e toco nele."}]
[2026-10-02 03:35:08,897] INFO - ChatPipeline - Query Rewriting desativado
[2026-10-02 03:35:08,897] INFO - ChatPipeline - Multi-Query desativado
[2026-10-02 03:35:08,897] INFO - ChatPipeline - HyDE desativado
[2026-10-02 03:35:08,897] INFO - RetrievalClient - Consultando o ChromaDB
[2026-10-02 03:35:09,600] INFO - RetrievalClient - 50 candidatos recuperados
[2026-10-02 03:35:09,600] INFO - ChatPipeline - 50 documentos recuperados (vetor)
[2026-10-02 03:35:10,812] INFO - ChatPipeline - Classificação: EMERGENCIA (0 fonte(s) citada(s))
[2026-10-02 03:35:10,813] INFO - ChatPipeline - Pipeline finalizado em 1.92s
[2026-10-02 03:35:10,839] INFO - ChatPipeline - Pergunta recebida: Pré-triagem conversacional v1. Use somente relatos do tutor abaixo.
As perguntas identificam o assunto da resposta, não afirmam presença de sintomas.
Não perguntado, não sei e não observei são desconhecidos, nunca ausência.
Não complete espécie, duração, intensidade ou histórico. Não conte sintomas:
um único sinal grave pode bastar; vários vagos podem permanecer INCERTO.
[{"pergunta_respondida": null, "resposta_do_tutor": "Meu cachorro está agindo de um jeito diferente hoje. Não consegui observar o que mudou."}, {"pergunta_respondida": "Ele recusou alguma refeicao ou cometeu menos do que o habitual?", "resposta_do_tutor": "Não sei dizer"}, {"pergunta_respondida": "Ele recusou a ultima refeicao oferecida?", "resposta_do_tutor": "Não observei — Agora ele está caído, não consegue levantar e não reage quando eu o chamo e toco nele."}]
[2026-10-02 03:35:10,839] INFO - ChatPipeline - Query Rewriting desativado
[2026-10-02 03:35:10,839] INFO - ChatPipeline - Multi-Query desativado
[2026-10-02 03:35:10,839] INFO - ChatPipeline - HyDE desativado
[2026-10-02 03:35:10,839] INFO - RetrievalClient - Consultando o ChromaDB
[2026-10-02 03:35:11,161] INFO - RetrievalClient - 50 candidatos recuperados
[2026-10-02 03:35:11,161] INFO - ChatPipeline - 50 documentos recuperados (vetor)
[2026-10-02 03:35:14,547] INFO - ChatPipeline - Classificação: EMERGENCIA (0 fonte(s) citada(s))
[2026-10-02 03:35:14,547] INFO - ChatPipeline - Pipeline finalizado em 3.71s
[2026-10-02 03:35:14,568] INFO - ChatPipeline - Pergunta recebida: Pré-triagem conversacional v1. Use somente relatos do tutor abaixo.
As perguntas identificam o assunto da resposta, não afirmam presença de sintomas.
Não perguntado, não sei e não observei são desconhecidos, nunca ausência.
Não complete espécie, duração, intensidade ou histórico. Não conte sintomas:
um único sinal grave pode bastar; vários vagos podem permanecer INCERTO.
[{"pergunta_respondida": null, "resposta_do_tutor": "Meu cachorro está agindo de um jeito diferente hoje. Não consegui observar o que mudou."}, {"pergunta_respondida": "Ele recusou alguma refeicao ou cometeu menos do que o habitual?", "resposta_do_tutor": "Não sei dizer"}, {"pergunta_respondida": "Ele recusou a ultima refeicao oferecida?", "resposta_do_tutor": "Não observei — Agora ele está caído, não consegue levantar e não reage quando eu o chamo e toco nele."}]
[2026-10-02 03:35:14,568] INFO - ChatPipeline - Query Rewriting desativado
[2026-10-02 03:35:14,568] INFO - ChatPipeline - Multi-Query desativado
[2026-10-02 03:35:14,568] INFO - ChatPipeline - HyDE desativado
[2026-10-02 03:35:14,568] INFO - RetrievalClient - Consultando o ChromaDB
[2026-10-02 03:35:14,923] INFO - RetrievalClient - 50 candidatos recuperados
[2026-10-02 03:35:14,923] INFO - ChatPipeline - 50 documentos recuperados (vetor)
[2026-10-02 03:35:18,746] INFO - ChatPipeline - Classificação: INCERTO (0 fonte(s) citada(s))
[2026-10-02 03:35:18,746] INFO - ChatPipeline - Pipeline finalizado em 4.18s
[2026-10-02 03:35:19,940] INFO - ChatPipeline - Pergunta recebida: Pré-triagem conversacional v1. Use somente relatos do tutor abaixo.
As perguntas identificam o assunto da resposta, não afirmam presença de sintomas.
Não perguntado, não sei e não observei são desconhecidos, nunca ausência.
Não complete espécie, duração, intensidade ou histórico. Não conte sintomas:
um único sinal grave pode bastar; vários vagos podem permanecer INCERTO.
[{"pergunta_respondida": null, "resposta_do_tutor": "Meu cachorro está agindo de um jeito diferente hoje. Não consegui observar o que mudou."}, {"pergunta_respondida": "Ele recusou alguma refeicao ou cometeu menos do que o habitual?", "resposta_do_tutor": "Não sei dizer"}, {"pergunta_respondida": "Ele recusou a ultima refeicao oferecida?", "resposta_do_tutor": "Não observei — Agora ele está caído, não consegue levantar e não reage quando eu o chamo e toco nele."}]
[2026-10-02 03:35:19,941] INFO - ChatPipeline - Query Rewriting desativado
[2026-10-02 03:35:19,941] INFO - ChatPipeline - Multi-Query desativado
[2026-10-02 03:35:19,941] INFO - ChatPipeline - HyDE desativado
[2026-10-02 03:35:19,941] INFO - RetrievalClient - Consultando o ChromaDB
[2026-10-02 03:35:20,584] INFO - RetrievalClient - 50 candidatos recuperados
[2026-10-02 03:35:20,584] INFO - ChatPipeline - 50 documentos recuperados (vetor)
[2026-10-02 03:35:23,112] INFO - ChatPipeline - Classificação: EMERGENCIA (0 fonte(s) citada(s))
[2026-10-02 03:35:23,113] INFO - ChatPipeline - Pipeline finalizado em 3.17s
[2026-10-02 03:35:23,132] INFO - ChatPipeline - Pergunta recebida: Pré-triagem conversacional v1. Use somente relatos do tutor abaixo.
As perguntas identificam o assunto da resposta, não afirmam presença de sintomas.
Não perguntado, não sei e não observei são desconhecidos, nunca ausência.
Não complete espécie, duração, intensidade ou histórico. Não conte sintomas:
um único sinal grave pode bastar; vários vagos podem permanecer INCERTO.
[{"pergunta_respondida": null, "resposta_do_tutor": "Meu cachorro está agindo de um jeito diferente hoje. Não consegui observar o que mudou."}, {"pergunta_respondida": "Ele recusou alguma refeicao ou cometeu menos do que o habitual?", "resposta_do_tutor": "Não sei dizer"}, {"pergunta_respondida": "Ele recusou a ultima refeicao oferecida?", "resposta_do_tutor": "Não observei — Agora ele está caído, não consegue levantar e não reage quando eu o chamo e toco nele."}]
[2026-10-02 03:35:23,132] INFO - ChatPipeline - Query Rewriting desativado
[2026-10-02 03:35:23,132] INFO - ChatPipeline - Multi-Query desativado
[2026-10-02 03:35:23,132] INFO - ChatPipeline - HyDE desativado
[2026-10-02 03:35:23,132] INFO - RetrievalClient - Consultando o ChromaDB
[2026-10-02 03:35:23,416] INFO - RetrievalClient - 50 candidatos recuperados
[2026-10-02 03:35:23,416] INFO - ChatPipeline - 50 documentos recuperados (vetor)
[2026-10-02 03:35:28,522] INFO - ChatPipeline - Classificação: EMERGENCIA (0 fonte(s) citada(s))
[2026-10-02 03:35:28,523] INFO - ChatPipeline - Pipeline finalizado em 5.39s
[2026-10-02 03:35:28,544] INFO - ChatPipeline - Pergunta recebida: Pré-triagem conversacional v1. Use somente relatos do tutor abaixo.
As perguntas identificam o assunto da resposta, não afirmam presença de sintomas.
Não perguntado, não sei e não observei são desconhecidos, nunca ausência.
Não complete espécie, duração, intensidade ou histórico. Não conte sintomas:
um único sinal grave pode bastar; vários vagos podem permanecer INCERTO.
[{"pergunta_respondida": null, "resposta_do_tutor": "Meu cachorro está agindo de um jeito diferente hoje. Não consegui observar o que mudou."}, {"pergunta_respondida": "Ele recusou alguma refeicao ou cometeu menos do que o habitual?", "resposta_do_tutor": "Não sei dizer"}, {"pergunta_respondida": "Ele recusou a ultima refeicao oferecida?", "resposta_do_tutor": "Não observei — Agora ele está caído, não consegue levantar e não reage quando eu o chamo e toco nele."}]
[2026-10-02 03:35:28,544] INFO - ChatPipeline - Query Rewriting desativado
[2026-10-02 03:35:28,544] INFO - ChatPipeline - Multi-Query desativado
[2026-10-02 03:35:28,544] INFO - ChatPipeline - HyDE desativado
[2026-10-02 03:35:28,544] INFO - RetrievalClient - Consultando o ChromaDB
[2026-10-02 03:35:29,397] INFO - RetrievalClient - 50 candidatos recuperados
[2026-10-02 03:35:29,398] INFO - ChatPipeline - 50 documentos recuperados (vetor)
[2026-10-02 03:35:30,520] INFO - ChatPipeline - Classificação: EMERGENCIA (0 fonte(s) citada(s))
[2026-10-02 03:35:30,521] INFO - ChatPipeline - Pipeline finalizado em 1.98s
