Warning: You are sending unauthenticated requests to the HF Hub. Please set a HF_TOKEN to enable higher rate limits and faster downloads.
Loading weights:   0%|          | 0/391 [00:00<?, ?it/s]Loading weights: 100%|██████████| 391/391 [00:00<00:00, 17985.31it/s]
Direct use of automatic function calling (AFC) in Models.generate_content is not recommended. Instead, we recommend to use AFC in Chat.send_message. Similarly, direct use of AFC in Models.generate_content_stream is not recommended. Instead, we recommend to use AFC in Chat.send_message_stream.
[2026-10-02 03:33:09,583] INFO - ChatPipeline - Pergunta recebida: Meu gato tem muita dificuldade para respirar de boca aberta.
[2026-10-02 03:33:09,583] INFO - ChatPipeline - Query Rewriting desativado
[2026-10-02 03:33:09,583] INFO - ChatPipeline - Multi-Query desativado
[2026-10-02 03:33:09,583] INFO - ChatPipeline - HyDE desativado
[2026-10-02 03:33:09,583] INFO - RetrievalClient - Consultando o ChromaDB
[2026-10-02 03:33:22,503] INFO - RetrievalClient - 50 candidatos recuperados
[2026-10-02 03:33:22,503] INFO - ChatPipeline - 50 documentos recuperados (vetor)
[2026-10-02 03:33:24,059] INFO - ChatPipeline - Classificação: EMERGENCIA (1 fonte(s) citada(s))
[2026-10-02 03:33:24,060] INFO - ChatPipeline - Pipeline finalizado em 14.48s
[2026-10-02 03:33:24,083] INFO - ChatPipeline - Pergunta recebida: Pré-triagem conversacional v1. Use somente relatos do tutor abaixo.
As perguntas identificam o assunto da resposta, não afirmam presença de sintomas.
Não perguntado, não sei e não observei são desconhecidos, nunca ausência.
Não complete espécie, duração, intensidade ou histórico. Não conte sintomas:
um único sinal grave pode bastar; vários vagos podem permanecer INCERTO.
[{"pergunta_respondida": null, "resposta_do_tutor": "Meu cachorro está agindo de um jeito diferente hoje. Não consegui observar o que mudou."}, {"pergunta_respondida": "Como ele reage quando você o chama?", "resposta_do_tutor": "Não sei dizer"}, {"pergunta_respondida": "Como ele reage quando você o chama?", "resposta_do_tutor": "Não reage ao chamado — Agora ele está caído, não consegue levantar e não reage quando eu o chamo e toco nele."}]
[2026-10-02 03:33:24,083] INFO - ChatPipeline - Query Rewriting desativado
[2026-10-02 03:33:24,083] INFO - ChatPipeline - Multi-Query desativado
[2026-10-02 03:33:24,083] INFO - ChatPipeline - HyDE desativado
[2026-10-02 03:33:24,083] INFO - RetrievalClient - Consultando o ChromaDB
[2026-10-02 03:33:24,461] INFO - RetrievalClient - 50 candidatos recuperados
[2026-10-02 03:33:24,461] INFO - ChatPipeline - 50 documentos recuperados (vetor)
[2026-10-02 03:33:25,904] INFO - ChatPipeline - Classificação: EMERGENCIA (0 fonte(s) citada(s))
[2026-10-02 03:33:25,905] INFO - ChatPipeline - Pipeline finalizado em 1.82s
[2026-10-02 03:33:25,927] INFO - ChatPipeline - Pergunta recebida: Pré-triagem conversacional v1. Use somente relatos do tutor abaixo.
As perguntas identificam o assunto da resposta, não afirmam presença de sintomas.
Não perguntado, não sei e não observei são desconhecidos, nunca ausência.
Não complete espécie, duração, intensidade ou histórico. Não conte sintomas:
um único sinal grave pode bastar; vários vagos podem permanecer INCERTO.
[{"pergunta_respondida": null, "resposta_do_tutor": "Meu cachorro está agindo de um jeito diferente hoje. Não consegui observar o que mudou."}, {"pergunta_respondida": "Como ele reage quando você o chama?", "resposta_do_tutor": "Não sei dizer"}, {"pergunta_respondida": "Como ele reage quando você o chama?", "resposta_do_tutor": "Não reage ao chamado — Agora ele está caído, não consegue levantar e não reage quando eu o chamo e toco nele."}]
[2026-10-02 03:33:25,927] INFO - ChatPipeline - Query Rewriting desativado
[2026-10-02 03:33:25,927] INFO - ChatPipeline - Multi-Query desativado
[2026-10-02 03:33:25,927] INFO - ChatPipeline - HyDE desativado
[2026-10-02 03:33:25,927] INFO - RetrievalClient - Consultando o ChromaDB
[2026-10-02 03:33:26,563] INFO - RetrievalClient - 50 candidatos recuperados
[2026-10-02 03:33:26,563] INFO - ChatPipeline - 50 documentos recuperados (vetor)
[2026-10-02 03:33:29,564] INFO - ChatPipeline - Classificação: EMERGENCIA (0 fonte(s) citada(s))
[2026-10-02 03:33:29,564] INFO - ChatPipeline - Pipeline finalizado em 3.64s
[2026-10-02 03:33:29,585] INFO - ChatPipeline - Pergunta recebida: Pré-triagem conversacional v1. Use somente relatos do tutor abaixo.
As perguntas identificam o assunto da resposta, não afirmam presença de sintomas.
Não perguntado, não sei e não observei são desconhecidos, nunca ausência.
Não complete espécie, duração, intensidade ou histórico. Não conte sintomas:
um único sinal grave pode bastar; vários vagos podem permanecer INCERTO.
[{"pergunta_respondida": null, "resposta_do_tutor": "Meu cachorro está agindo de um jeito diferente hoje. Não consegui observar o que mudou."}, {"pergunta_respondida": "Como ele reage quando você o chama?", "resposta_do_tutor": "Não sei dizer"}, {"pergunta_respondida": "Como ele reage quando você o chama?", "resposta_do_tutor": "Não reage ao chamado — Agora ele está caído, não consegue levantar e não reage quando eu o chamo e toco nele."}]
[2026-10-02 03:33:29,586] INFO - ChatPipeline - Query Rewriting desativado
[2026-10-02 03:33:29,586] INFO - ChatPipeline - Multi-Query desativado
[2026-10-02 03:33:29,586] INFO - ChatPipeline - HyDE desativado
[2026-10-02 03:33:29,586] INFO - RetrievalClient - Consultando o ChromaDB
[2026-10-02 03:33:29,935] INFO - RetrievalClient - 50 candidatos recuperados
[2026-10-02 03:33:29,936] INFO - ChatPipeline - 50 documentos recuperados (vetor)
[2026-10-02 03:33:33,697] INFO - ChatPipeline - Classificação: EMERGENCIA (0 fonte(s) citada(s))
[2026-10-02 03:33:33,698] INFO - ChatPipeline - Pipeline finalizado em 4.11s
[2026-10-02 03:33:33,721] INFO - ChatPipeline - Pergunta recebida: Pré-triagem conversacional v1. Use somente relatos do tutor abaixo.
As perguntas identificam o assunto da resposta, não afirmam presença de sintomas.
Não perguntado, não sei e não observei são desconhecidos, nunca ausência.
Não complete espécie, duração, intensidade ou histórico. Não conte sintomas:
um único sinal grave pode bastar; vários vagos podem permanecer INCERTO.
[{"pergunta_respondida": null, "resposta_do_tutor": "Meu cachorro está agindo de um jeito diferente hoje. Não consegui observar o que mudou."}, {"pergunta_respondida": "Como ele reage quando você o chama?", "resposta_do_tutor": "Não sei dizer"}, {"pergunta_respondida": "Como ele reage quando você o chama?", "resposta_do_tutor": "Não reage ao chamado — Agora ele está caído, não consegue levantar e não reage quando eu o chamo e toco nele."}]
[2026-10-02 03:33:33,721] INFO - ChatPipeline - Query Rewriting desativado
[2026-10-02 03:33:33,721] INFO - ChatPipeline - Multi-Query desativado
[2026-10-02 03:33:33,721] INFO - ChatPipeline - HyDE desativado
[2026-10-02 03:33:33,721] INFO - RetrievalClient - Consultando o ChromaDB
[2026-10-02 03:33:34,323] INFO - RetrievalClient - 50 candidatos recuperados
[2026-10-02 03:33:34,324] INFO - ChatPipeline - 50 documentos recuperados (vetor)
[2026-10-02 03:33:38,489] INFO - ChatPipeline - Classificação: EMERGENCIA (0 fonte(s) citada(s))
[2026-10-02 03:33:38,489] INFO - ChatPipeline - Pipeline finalizado em 4.77s
[2026-10-02 03:33:38,519] INFO - ChatPipeline - Pergunta recebida: Pré-triagem conversacional v1. Use somente relatos do tutor abaixo.
As perguntas identificam o assunto da resposta, não afirmam presença de sintomas.
Não perguntado, não sei e não observei são desconhecidos, nunca ausência.
Não complete espécie, duração, intensidade ou histórico. Não conte sintomas:
um único sinal grave pode bastar; vários vagos podem permanecer INCERTO.
[{"pergunta_respondida": null, "resposta_do_tutor": "Meu cachorro está agindo de um jeito diferente hoje. Não consegui observar o que mudou."}, {"pergunta_respondida": "Como ele reage quando você o chama?", "resposta_do_tutor": "Não sei dizer"}, {"pergunta_respondida": "Como ele reage quando você o chama?", "resposta_do_tutor": "Não reage ao chamado — Agora ele está caído, não consegue levantar e não reage quando eu o chamo e toco nele."}]
[2026-10-02 03:33:38,520] INFO - ChatPipeline - Query Rewriting desativado
[2026-10-02 03:33:38,520] INFO - ChatPipeline - Multi-Query desativado
[2026-10-02 03:33:38,520] INFO - ChatPipeline - HyDE desativado
[2026-10-02 03:33:38,520] INFO - RetrievalClient - Consultando o ChromaDB
[2026-10-02 03:33:39,078] INFO - RetrievalClient - 50 candidatos recuperados
[2026-10-02 03:33:39,078] INFO - ChatPipeline - 50 documentos recuperados (vetor)
[2026-10-02 03:33:41,573] INFO - ChatPipeline - Classificação: EMERGENCIA (0 fonte(s) citada(s))
[2026-10-02 03:33:41,574] INFO - ChatPipeline - Pipeline finalizado em 3.06s
[2026-10-02 03:33:41,599] INFO - ChatPipeline - Pergunta recebida: Pré-triagem conversacional v1. Use somente relatos do tutor abaixo.
As perguntas identificam o assunto da resposta, não afirmam presença de sintomas.
Não perguntado, não sei e não observei são desconhecidos, nunca ausência.
Não complete espécie, duração, intensidade ou histórico. Não conte sintomas:
um único sinal grave pode bastar; vários vagos podem permanecer INCERTO.
[{"pergunta_respondida": null, "resposta_do_tutor": "Meu cachorro está agindo de um jeito diferente hoje. Não consegui observar o que mudou."}, {"pergunta_respondida": "Como ele reage quando você o chama?", "resposta_do_tutor": "Não sei dizer"}, {"pergunta_respondida": "Como ele reage quando você o chama?", "resposta_do_tutor": "Não reage ao chamado — Agora ele está caído, não consegue levantar e não reage quando eu o chamo e toco nele."}]
[2026-10-02 03:33:41,599] INFO - ChatPipeline - Query Rewriting desativado
[2026-10-02 03:33:41,599] INFO - ChatPipeline - Multi-Query desativado
[2026-10-02 03:33:41,599] INFO - ChatPipeline - HyDE desativado
[2026-10-02 03:33:41,599] INFO - RetrievalClient - Consultando o ChromaDB
[2026-10-02 03:33:42,131] INFO - RetrievalClient - 50 candidatos recuperados
[2026-10-02 03:33:42,131] INFO - ChatPipeline - 50 documentos recuperados (vetor)
[2026-10-02 03:33:45,561] INFO - ChatPipeline - Classificação: EMERGENCIA (0 fonte(s) citada(s))
[2026-10-02 03:33:45,562] INFO - ChatPipeline - Pipeline finalizado em 3.96s
