Warning: You are sending unauthenticated requests to the HF Hub. Please set a HF_TOKEN to enable higher rate limits and faster downloads.
Loading weights:   0%|          | 0/391 [00:00<?, ?it/s]Loading weights: 100%|██████████| 391/391 [00:00<00:00, 20718.24it/s]
Direct use of automatic function calling (AFC) in Models.generate_content is not recommended. Instead, we recommend to use AFC in Chat.send_message. Similarly, direct use of AFC in Models.generate_content_stream is not recommended. Instead, we recommend to use AFC in Chat.send_message_stream.
[2026-10-02 03:37:11,647] INFO - ChatPipeline - Pergunta recebida: Meu gato tem muita dificuldade para respirar de boca aberta.
[2026-10-02 03:37:11,647] INFO - ChatPipeline - Query Rewriting desativado
[2026-10-02 03:37:11,647] INFO - ChatPipeline - Multi-Query desativado
[2026-10-02 03:37:11,647] INFO - ChatPipeline - HyDE desativado
[2026-10-02 03:37:11,647] INFO - RetrievalClient - Consultando o ChromaDB
[2026-10-02 03:37:27,214] INFO - RetrievalClient - 50 candidatos recuperados
[2026-10-02 03:37:27,216] INFO - ChatPipeline - 50 documentos recuperados (vetor)
[2026-10-02 03:37:30,537] INFO - ChatPipeline - Classificação: EMERGENCIA (1 fonte(s) citada(s))
[2026-10-02 03:37:30,538] INFO - ChatPipeline - Pipeline finalizado em 18.89s
[2026-10-02 03:37:30,587] INFO - ChatPipeline - Pergunta recebida: Relatos anteriores do tutor:
Resposta do tutor: Meu cachorro está agindo de um jeito diferente hoje. Não consegui observar o que mudou.

Pergunta do assistente (não é observação do tutor): Ele recusou alguma refeicao ou cometeu menos do que o habitual?
Resposta do tutor: Não sei dizer

Relato atual do tutor:
Pergunta do assistente (não é observação do tutor): Ele recusou a ultima refeicao oferecida?
Resposta do tutor: Não observei — Agora ele está caído, não consegue levantar e não reage quando eu o chamo e toco nele.
[2026-10-02 03:37:30,587] INFO - ChatPipeline - Query Rewriting desativado
[2026-10-02 03:37:30,587] INFO - ChatPipeline - Multi-Query desativado
[2026-10-02 03:37:30,587] INFO - ChatPipeline - HyDE desativado
[2026-10-02 03:37:30,588] INFO - RetrievalClient - Consultando o ChromaDB
[2026-10-02 03:37:31,506] INFO - RetrievalClient - 50 candidatos recuperados
[2026-10-02 03:37:31,507] INFO - ChatPipeline - 50 documentos recuperados (vetor)
[2026-10-02 03:37:33,312] INFO - ChatPipeline - Classificação: EMERGENCIA (0 fonte(s) citada(s))
[2026-10-02 03:37:33,313] INFO - ChatPipeline - Pipeline finalizado em 2.73s
[2026-10-02 03:37:33,396] INFO - ChatPipeline - Pergunta recebida: Relatos anteriores do tutor:
Resposta do tutor: Meu cachorro está agindo de um jeito diferente hoje. Não consegui observar o que mudou.

Pergunta do assistente (não é observação do tutor): Ele recusou alguma refeicao ou cometeu menos do que o habitual?
Resposta do tutor: Não sei dizer

Relato atual do tutor:
Pergunta do assistente (não é observação do tutor): Ele recusou a ultima refeicao oferecida?
Resposta do tutor: Não observei — Agora ele está caído, não consegue levantar e não reage quando eu o chamo e toco nele.
[2026-10-02 03:37:33,396] INFO - ChatPipeline - Query Rewriting desativado
[2026-10-02 03:37:33,396] INFO - ChatPipeline - Multi-Query desativado
[2026-10-02 03:37:33,396] INFO - ChatPipeline - HyDE desativado
[2026-10-02 03:37:33,396] INFO - RetrievalClient - Consultando o ChromaDB
[2026-10-02 03:37:34,456] INFO - RetrievalClient - 50 candidatos recuperados
[2026-10-02 03:37:34,457] INFO - ChatPipeline - 50 documentos recuperados (vetor)
[2026-10-02 03:37:36,570] INFO - ChatPipeline - Classificação: EMERGENCIA (0 fonte(s) citada(s))
[2026-10-02 03:37:36,571] INFO - ChatPipeline - Pipeline finalizado em 3.18s
[2026-10-02 03:37:36,606] INFO - ChatPipeline - Pergunta recebida: Relatos anteriores do tutor:
Resposta do tutor: Meu cachorro está agindo de um jeito diferente hoje. Não consegui observar o que mudou.

Pergunta do assistente (não é observação do tutor): Ele recusou alguma refeicao ou cometeu menos do que o habitual?
Resposta do tutor: Não sei dizer

Relato atual do tutor:
Pergunta do assistente (não é observação do tutor): Ele recusou a ultima refeicao oferecida?
Resposta do tutor: Não observei — Agora ele está caído, não consegue levantar e não reage quando eu o chamo e toco nele.
[2026-10-02 03:37:36,607] INFO - ChatPipeline - Query Rewriting desativado
[2026-10-02 03:37:36,607] INFO - ChatPipeline - Multi-Query desativado
[2026-10-02 03:37:36,607] INFO - ChatPipeline - HyDE desativado
[2026-10-02 03:37:36,607] INFO - RetrievalClient - Consultando o ChromaDB
[2026-10-02 03:37:37,354] INFO - RetrievalClient - 50 candidatos recuperados
[2026-10-02 03:37:37,354] INFO - ChatPipeline - 50 documentos recuperados (vetor)
[2026-10-02 03:37:40,600] INFO - ChatPipeline - Classificação: EMERGENCIA (0 fonte(s) citada(s))
[2026-10-02 03:37:40,600] INFO - ChatPipeline - Pipeline finalizado em 3.99s
[2026-10-02 03:37:40,633] INFO - ChatPipeline - Pergunta recebida: Relatos anteriores do tutor:
Resposta do tutor: Meu cachorro está agindo de um jeito diferente hoje. Não consegui observar o que mudou.

Pergunta do assistente (não é observação do tutor): Ele recusou alguma refeicao ou cometeu menos do que o habitual?
Resposta do tutor: Não sei dizer

Relato atual do tutor:
Pergunta do assistente (não é observação do tutor): Ele recusou a ultima refeicao oferecida?
Resposta do tutor: Não observei — Agora ele está caído, não consegue levantar e não reage quando eu o chamo e toco nele.
[2026-10-02 03:37:40,633] INFO - ChatPipeline - Query Rewriting desativado
[2026-10-02 03:37:40,633] INFO - ChatPipeline - Multi-Query desativado
[2026-10-02 03:37:40,633] INFO - ChatPipeline - HyDE desativado
[2026-10-02 03:37:40,633] INFO - RetrievalClient - Consultando o ChromaDB
[2026-10-02 03:37:41,863] INFO - RetrievalClient - 50 candidatos recuperados
[2026-10-02 03:37:41,864] INFO - ChatPipeline - 50 documentos recuperados (vetor)
[2026-10-02 03:37:44,617] INFO - ChatPipeline - Classificação: EMERGENCIA (0 fonte(s) citada(s))
[2026-10-02 03:37:44,617] INFO - ChatPipeline - Pipeline finalizado em 3.98s
[2026-10-02 03:37:44,640] INFO - ChatPipeline - Pergunta recebida: Relatos anteriores do tutor:
Resposta do tutor: Meu cachorro está agindo de um jeito diferente hoje. Não consegui observar o que mudou.

Pergunta do assistente (não é observação do tutor): Ele recusou alguma refeicao ou cometeu menos do que o habitual?
Resposta do tutor: Não sei dizer

Relato atual do tutor:
Pergunta do assistente (não é observação do tutor): Ele recusou a ultima refeicao oferecida?
Resposta do tutor: Não observei — Agora ele está caído, não consegue levantar e não reage quando eu o chamo e toco nele.
[2026-10-02 03:37:44,640] INFO - ChatPipeline - Query Rewriting desativado
[2026-10-02 03:37:44,640] INFO - ChatPipeline - Multi-Query desativado
[2026-10-02 03:37:44,640] INFO - ChatPipeline - HyDE desativado
[2026-10-02 03:37:44,641] INFO - RetrievalClient - Consultando o ChromaDB
[2026-10-02 03:37:45,217] INFO - RetrievalClient - 50 candidatos recuperados
[2026-10-02 03:37:45,218] INFO - ChatPipeline - 50 documentos recuperados (vetor)
[2026-10-02 03:37:48,692] INFO - ChatPipeline - Classificação: EMERGENCIA (0 fonte(s) citada(s))
[2026-10-02 03:37:48,694] INFO - ChatPipeline - Pipeline finalizado em 4.05s
[2026-10-02 03:37:48,730] INFO - ChatPipeline - Pergunta recebida: Relatos anteriores do tutor:
Resposta do tutor: Meu cachorro está agindo de um jeito diferente hoje. Não consegui observar o que mudou.

Pergunta do assistente (não é observação do tutor): Ele recusou alguma refeicao ou cometeu menos do que o habitual?
Resposta do tutor: Não sei dizer

Relato atual do tutor:
Pergunta do assistente (não é observação do tutor): Ele recusou a ultima refeicao oferecida?
Resposta do tutor: Não observei — Agora ele está caído, não consegue levantar e não reage quando eu o chamo e toco nele.
[2026-10-02 03:37:48,730] INFO - ChatPipeline - Query Rewriting desativado
[2026-10-02 03:37:48,730] INFO - ChatPipeline - Multi-Query desativado
[2026-10-02 03:37:48,730] INFO - ChatPipeline - HyDE desativado
[2026-10-02 03:37:48,731] INFO - RetrievalClient - Consultando o ChromaDB
[2026-10-02 03:37:49,467] INFO - RetrievalClient - 50 candidatos recuperados
[2026-10-02 03:37:49,467] INFO - ChatPipeline - 50 documentos recuperados (vetor)
[2026-10-02 03:37:52,502] INFO - ChatPipeline - Classificação: EMERGENCIA (0 fonte(s) citada(s))
[2026-10-02 03:37:52,503] INFO - ChatPipeline - Pipeline finalizado em 3.77s
